
         /\      Grafana   /‾‾/  
    /\  /  \     |\  __   /  /   
   /  \/    \    | |/ /  /   ‾‾\ 
  /          \   |   (  |  (‾)  |
 / __________ \  |_|\_\  \_____/ 


     execution: local
        script: /Users/yeongseonchoe/GitHub/azure-app-service-practical-guide/labs/windows-java-httpplatformhandler-timeout/lab-2-loopback-saturation/k6/constant-arrival.js
        output: -

     scenarios: (100.00%) 1 scenario, 500 max VUs, 8m30s max duration (incl. graceful stop):
              * slow: 0.50 iterations/s for 8m0s (maxVUs: 300-500, gracefulStop: 30s)


running (0m01.0s), 001/300 VUs, 0 complete and 0 interrupted iterations
slow   [   0% ] 001/300 VUs  0m01.0s/8m0s  0.50 iters/s

running (0m02.0s), 001/300 VUs, 0 complete and 0 interrupted iterations
slow   [   0% ] 001/300 VUs  0m02.0s/8m0s  0.50 iters/s

running (0m03.0s), 002/300 VUs, 0 complete and 0 interrupted iterations
slow   [   1% ] 002/300 VUs  0m03.0s/8m0s  0.50 iters/s

running (0m04.0s), 002/300 VUs, 0 complete and 0 interrupted iterations
slow   [   1% ] 002/300 VUs  0m04.0s/8m0s  0.50 iters/s

running (0m05.0s), 003/300 VUs, 0 complete and 0 interrupted iterations
slow   [   1% ] 003/300 VUs  0m05.0s/8m0s  0.50 iters/s

running (0m06.0s), 003/300 VUs, 0 complete and 0 interrupted iterations
slow   [   1% ] 003/300 VUs  0m06.0s/8m0s  0.50 iters/s

running (0m07.0s), 004/300 VUs, 0 complete and 0 interrupted iterations
slow   [   1% ] 004/300 VUs  0m07.0s/8m0s  0.50 iters/s

running (0m08.0s), 004/300 VUs, 0 complete and 0 interrupted iterations
slow   [   2% ] 004/300 VUs  0m08.0s/8m0s  0.50 iters/s

running (0m09.0s), 005/300 VUs, 0 complete and 0 interrupted iterations
slow   [   2% ] 005/300 VUs  0m09.0s/8m0s  0.50 iters/s

running (0m10.0s), 005/300 VUs, 0 complete and 0 interrupted iterations
slow   [   2% ] 005/300 VUs  0m10.0s/8m0s  0.50 iters/s

running (0m11.0s), 006/300 VUs, 0 complete and 0 interrupted iterations
slow   [   2% ] 006/300 VUs  0m11.0s/8m0s  0.50 iters/s

running (0m12.0s), 006/300 VUs, 0 complete and 0 interrupted iterations
slow   [   2% ] 006/300 VUs  0m12.0s/8m0s  0.50 iters/s

running (0m13.0s), 007/300 VUs, 0 complete and 0 interrupted iterations
slow   [   3% ] 007/300 VUs  0m13.0s/8m0s  0.50 iters/s

running (0m14.0s), 007/300 VUs, 0 complete and 0 interrupted iterations
slow   [   3% ] 007/300 VUs  0m14.0s/8m0s  0.50 iters/s

running (0m15.0s), 008/300 VUs, 0 complete and 0 interrupted iterations
slow   [   3% ] 008/300 VUs  0m15.0s/8m0s  0.50 iters/s

running (0m16.0s), 008/300 VUs, 0 complete and 0 interrupted iterations
slow   [   3% ] 008/300 VUs  0m16.0s/8m0s  0.50 iters/s

running (0m17.0s), 009/300 VUs, 0 complete and 0 interrupted iterations
slow   [   4% ] 009/300 VUs  0m17.0s/8m0s  0.50 iters/s

running (0m18.0s), 009/300 VUs, 0 complete and 0 interrupted iterations
slow   [   4% ] 009/300 VUs  0m18.0s/8m0s  0.50 iters/s

running (0m19.0s), 010/300 VUs, 0 complete and 0 interrupted iterations
slow   [   4% ] 010/300 VUs  0m19.0s/8m0s  0.50 iters/s

running (0m20.0s), 010/300 VUs, 0 complete and 0 interrupted iterations
slow   [   4% ] 010/300 VUs  0m20.0s/8m0s  0.50 iters/s

running (0m21.0s), 011/300 VUs, 0 complete and 0 interrupted iterations
slow   [   4% ] 011/300 VUs  0m21.0s/8m0s  0.50 iters/s

running (0m22.0s), 011/300 VUs, 0 complete and 0 interrupted iterations
slow   [   5% ] 011/300 VUs  0m22.0s/8m0s  0.50 iters/s

running (0m23.0s), 012/300 VUs, 0 complete and 0 interrupted iterations
slow   [   5% ] 012/300 VUs  0m23.0s/8m0s  0.50 iters/s

running (0m24.0s), 012/300 VUs, 0 complete and 0 interrupted iterations
slow   [   5% ] 012/300 VUs  0m24.0s/8m0s  0.50 iters/s

running (0m25.0s), 013/300 VUs, 0 complete and 0 interrupted iterations
slow   [   5% ] 013/300 VUs  0m25.0s/8m0s  0.50 iters/s

running (0m26.0s), 013/300 VUs, 0 complete and 0 interrupted iterations
slow   [   5% ] 013/300 VUs  0m26.0s/8m0s  0.50 iters/s

running (0m27.0s), 014/300 VUs, 0 complete and 0 interrupted iterations
slow   [   6% ] 014/300 VUs  0m27.0s/8m0s  0.50 iters/s

running (0m28.0s), 014/300 VUs, 0 complete and 0 interrupted iterations
slow   [   6% ] 014/300 VUs  0m28.0s/8m0s  0.50 iters/s

running (0m29.0s), 015/300 VUs, 0 complete and 0 interrupted iterations
slow   [   6% ] 015/300 VUs  0m29.0s/8m0s  0.50 iters/s

running (0m30.0s), 015/300 VUs, 0 complete and 0 interrupted iterations
slow   [   6% ] 015/300 VUs  0m30.0s/8m0s  0.50 iters/s

running (0m31.0s), 016/300 VUs, 0 complete and 0 interrupted iterations
slow   [   6% ] 016/300 VUs  0m31.0s/8m0s  0.50 iters/s

running (0m32.0s), 016/300 VUs, 0 complete and 0 interrupted iterations
slow   [   7% ] 016/300 VUs  0m32.0s/8m0s  0.50 iters/s

running (0m33.0s), 017/300 VUs, 0 complete and 0 interrupted iterations
slow   [   7% ] 017/300 VUs  0m33.0s/8m0s  0.50 iters/s

running (0m34.0s), 017/300 VUs, 0 complete and 0 interrupted iterations
slow   [   7% ] 017/300 VUs  0m34.0s/8m0s  0.50 iters/s

running (0m35.0s), 018/300 VUs, 0 complete and 0 interrupted iterations
slow   [   7% ] 018/300 VUs  0m35.0s/8m0s  0.50 iters/s

running (0m36.0s), 018/300 VUs, 0 complete and 0 interrupted iterations
slow   [   7% ] 018/300 VUs  0m36.0s/8m0s  0.50 iters/s

running (0m37.0s), 019/300 VUs, 0 complete and 0 interrupted iterations
slow   [   8% ] 019/300 VUs  0m37.0s/8m0s  0.50 iters/s

running (0m38.0s), 019/300 VUs, 0 complete and 0 interrupted iterations
slow   [   8% ] 019/300 VUs  0m38.0s/8m0s  0.50 iters/s

running (0m39.0s), 020/300 VUs, 0 complete and 0 interrupted iterations
slow   [   8% ] 020/300 VUs  0m39.0s/8m0s  0.50 iters/s

running (0m40.0s), 020/300 VUs, 0 complete and 0 interrupted iterations
slow   [   8% ] 020/300 VUs  0m40.0s/8m0s  0.50 iters/s

running (0m41.0s), 021/300 VUs, 0 complete and 0 interrupted iterations
slow   [   9% ] 021/300 VUs  0m41.0s/8m0s  0.50 iters/s

running (0m42.0s), 021/300 VUs, 0 complete and 0 interrupted iterations
slow   [   9% ] 021/300 VUs  0m42.0s/8m0s  0.50 iters/s

running (0m43.0s), 022/300 VUs, 0 complete and 0 interrupted iterations
slow   [   9% ] 022/300 VUs  0m43.0s/8m0s  0.50 iters/s

running (0m44.0s), 022/300 VUs, 0 complete and 0 interrupted iterations
slow   [   9% ] 022/300 VUs  0m44.0s/8m0s  0.50 iters/s

running (0m45.0s), 023/300 VUs, 0 complete and 0 interrupted iterations
slow   [   9% ] 023/300 VUs  0m45.0s/8m0s  0.50 iters/s

running (0m46.0s), 023/300 VUs, 0 complete and 0 interrupted iterations
slow   [  10% ] 023/300 VUs  0m46.0s/8m0s  0.50 iters/s

running (0m47.0s), 024/300 VUs, 0 complete and 0 interrupted iterations
slow   [  10% ] 024/300 VUs  0m47.0s/8m0s  0.50 iters/s

running (0m48.0s), 024/300 VUs, 0 complete and 0 interrupted iterations
slow   [  10% ] 024/300 VUs  0m48.0s/8m0s  0.50 iters/s

running (0m49.0s), 025/300 VUs, 0 complete and 0 interrupted iterations
slow   [  10% ] 025/300 VUs  0m49.0s/8m0s  0.50 iters/s

running (0m50.0s), 025/300 VUs, 0 complete and 0 interrupted iterations
slow   [  10% ] 025/300 VUs  0m50.0s/8m0s  0.50 iters/s

running (0m51.0s), 026/300 VUs, 0 complete and 0 interrupted iterations
slow   [  11% ] 026/300 VUs  0m51.0s/8m0s  0.50 iters/s

running (0m52.0s), 026/300 VUs, 0 complete and 0 interrupted iterations
slow   [  11% ] 026/300 VUs  0m52.0s/8m0s  0.50 iters/s

running (0m53.0s), 027/300 VUs, 0 complete and 0 interrupted iterations
slow   [  11% ] 027/300 VUs  0m53.0s/8m0s  0.50 iters/s

running (0m54.0s), 027/300 VUs, 0 complete and 0 interrupted iterations
slow   [  11% ] 027/300 VUs  0m54.0s/8m0s  0.50 iters/s

running (0m55.0s), 028/300 VUs, 0 complete and 0 interrupted iterations
slow   [  11% ] 028/300 VUs  0m55.0s/8m0s  0.50 iters/s

running (0m56.0s), 028/300 VUs, 0 complete and 0 interrupted iterations
slow   [  12% ] 028/300 VUs  0m56.0s/8m0s  0.50 iters/s

running (0m57.0s), 029/300 VUs, 0 complete and 0 interrupted iterations
slow   [  12% ] 029/300 VUs  0m57.0s/8m0s  0.50 iters/s

running (0m58.0s), 029/300 VUs, 0 complete and 0 interrupted iterations
slow   [  12% ] 029/300 VUs  0m58.0s/8m0s  0.50 iters/s

running (0m59.0s), 030/300 VUs, 0 complete and 0 interrupted iterations
slow   [  12% ] 030/300 VUs  0m59.0s/8m0s  0.50 iters/s

running (1m00.0s), 030/300 VUs, 0 complete and 0 interrupted iterations
slow   [  12% ] 030/300 VUs  1m00.0s/8m0s  0.50 iters/s

running (1m01.0s), 031/300 VUs, 0 complete and 0 interrupted iterations
slow   [  13% ] 031/300 VUs  1m01.0s/8m0s  0.50 iters/s

running (1m02.0s), 031/300 VUs, 0 complete and 0 interrupted iterations
slow   [  13% ] 031/300 VUs  1m02.0s/8m0s  0.50 iters/s

running (1m03.0s), 032/300 VUs, 0 complete and 0 interrupted iterations
slow   [  13% ] 032/300 VUs  1m03.0s/8m0s  0.50 iters/s

running (1m04.0s), 032/300 VUs, 0 complete and 0 interrupted iterations
slow   [  13% ] 032/300 VUs  1m04.0s/8m0s  0.50 iters/s

running (1m05.0s), 033/300 VUs, 0 complete and 0 interrupted iterations
slow   [  14% ] 033/300 VUs  1m05.0s/8m0s  0.50 iters/s

running (1m06.0s), 033/300 VUs, 0 complete and 0 interrupted iterations
slow   [  14% ] 033/300 VUs  1m06.0s/8m0s  0.50 iters/s

running (1m07.0s), 034/300 VUs, 0 complete and 0 interrupted iterations
slow   [  14% ] 034/300 VUs  1m07.0s/8m0s  0.50 iters/s

running (1m08.0s), 034/300 VUs, 0 complete and 0 interrupted iterations
slow   [  14% ] 034/300 VUs  1m08.0s/8m0s  0.50 iters/s

running (1m09.0s), 035/300 VUs, 0 complete and 0 interrupted iterations
slow   [  14% ] 035/300 VUs  1m09.0s/8m0s  0.50 iters/s

running (1m10.0s), 035/300 VUs, 0 complete and 0 interrupted iterations
slow   [  15% ] 035/300 VUs  1m10.0s/8m0s  0.50 iters/s

running (1m11.0s), 036/300 VUs, 0 complete and 0 interrupted iterations
slow   [  15% ] 036/300 VUs  1m11.0s/8m0s  0.50 iters/s

running (1m12.0s), 036/300 VUs, 0 complete and 0 interrupted iterations
slow   [  15% ] 036/300 VUs  1m12.0s/8m0s  0.50 iters/s

running (1m13.0s), 037/300 VUs, 0 complete and 0 interrupted iterations
slow   [  15% ] 037/300 VUs  1m13.0s/8m0s  0.50 iters/s

running (1m14.0s), 037/300 VUs, 0 complete and 0 interrupted iterations
slow   [  15% ] 037/300 VUs  1m14.0s/8m0s  0.50 iters/s

running (1m15.0s), 038/300 VUs, 0 complete and 0 interrupted iterations
slow   [  16% ] 038/300 VUs  1m15.0s/8m0s  0.50 iters/s

running (1m16.0s), 038/300 VUs, 0 complete and 0 interrupted iterations
slow   [  16% ] 038/300 VUs  1m16.0s/8m0s  0.50 iters/s

running (1m17.0s), 039/300 VUs, 0 complete and 0 interrupted iterations
slow   [  16% ] 039/300 VUs  1m17.0s/8m0s  0.50 iters/s

running (1m18.0s), 039/300 VUs, 0 complete and 0 interrupted iterations
slow   [  16% ] 039/300 VUs  1m18.0s/8m0s  0.50 iters/s

running (1m19.0s), 040/300 VUs, 0 complete and 0 interrupted iterations
slow   [  16% ] 040/300 VUs  1m19.0s/8m0s  0.50 iters/s

running (1m20.0s), 040/300 VUs, 0 complete and 0 interrupted iterations
slow   [  17% ] 040/300 VUs  1m20.0s/8m0s  0.50 iters/s

running (1m21.0s), 041/300 VUs, 0 complete and 0 interrupted iterations
slow   [  17% ] 041/300 VUs  1m21.0s/8m0s  0.50 iters/s

running (1m22.0s), 041/300 VUs, 0 complete and 0 interrupted iterations
slow   [  17% ] 041/300 VUs  1m22.0s/8m0s  0.50 iters/s

running (1m23.0s), 042/300 VUs, 0 complete and 0 interrupted iterations
slow   [  17% ] 042/300 VUs  1m23.0s/8m0s  0.50 iters/s

running (1m24.0s), 042/300 VUs, 0 complete and 0 interrupted iterations
slow   [  17% ] 042/300 VUs  1m24.0s/8m0s  0.50 iters/s

running (1m25.0s), 043/300 VUs, 0 complete and 0 interrupted iterations
slow   [  18% ] 043/300 VUs  1m25.0s/8m0s  0.50 iters/s

running (1m26.0s), 043/300 VUs, 0 complete and 0 interrupted iterations
slow   [  18% ] 043/300 VUs  1m26.0s/8m0s  0.50 iters/s

running (1m27.0s), 044/300 VUs, 0 complete and 0 interrupted iterations
slow   [  18% ] 044/300 VUs  1m27.0s/8m0s  0.50 iters/s

running (1m28.0s), 044/300 VUs, 0 complete and 0 interrupted iterations
slow   [  18% ] 044/300 VUs  1m28.0s/8m0s  0.50 iters/s

running (1m29.0s), 045/300 VUs, 0 complete and 0 interrupted iterations
slow   [  19% ] 045/300 VUs  1m29.0s/8m0s  0.50 iters/s

running (1m30.0s), 045/300 VUs, 0 complete and 0 interrupted iterations
slow   [  19% ] 045/300 VUs  1m30.0s/8m0s  0.50 iters/s

running (1m31.0s), 046/300 VUs, 0 complete and 0 interrupted iterations
slow   [  19% ] 046/300 VUs  1m31.0s/8m0s  0.50 iters/s

running (1m32.0s), 046/300 VUs, 0 complete and 0 interrupted iterations
slow   [  19% ] 046/300 VUs  1m32.0s/8m0s  0.50 iters/s

running (1m33.0s), 047/300 VUs, 0 complete and 0 interrupted iterations
slow   [  19% ] 047/300 VUs  1m33.0s/8m0s  0.50 iters/s

running (1m34.0s), 047/300 VUs, 0 complete and 0 interrupted iterations
slow   [  20% ] 047/300 VUs  1m34.0s/8m0s  0.50 iters/s

running (1m35.0s), 048/300 VUs, 0 complete and 0 interrupted iterations
slow   [  20% ] 048/300 VUs  1m35.0s/8m0s  0.50 iters/s

running (1m36.0s), 048/300 VUs, 0 complete and 0 interrupted iterations
slow   [  20% ] 048/300 VUs  1m36.0s/8m0s  0.50 iters/s

running (1m37.0s), 049/300 VUs, 0 complete and 0 interrupted iterations
slow   [  20% ] 049/300 VUs  1m37.0s/8m0s  0.50 iters/s

running (1m38.0s), 049/300 VUs, 0 complete and 0 interrupted iterations
slow   [  20% ] 049/300 VUs  1m38.0s/8m0s  0.50 iters/s

running (1m39.0s), 050/300 VUs, 0 complete and 0 interrupted iterations
slow   [  21% ] 050/300 VUs  1m39.0s/8m0s  0.50 iters/s

running (1m40.0s), 050/300 VUs, 0 complete and 0 interrupted iterations
slow   [  21% ] 050/300 VUs  1m40.0s/8m0s  0.50 iters/s

running (1m41.0s), 051/300 VUs, 0 complete and 0 interrupted iterations
slow   [  21% ] 051/300 VUs  1m41.0s/8m0s  0.50 iters/s

running (1m42.0s), 051/300 VUs, 0 complete and 0 interrupted iterations
slow   [  21% ] 051/300 VUs  1m42.0s/8m0s  0.50 iters/s

running (1m43.0s), 052/300 VUs, 0 complete and 0 interrupted iterations
slow   [  21% ] 052/300 VUs  1m43.0s/8m0s  0.50 iters/s

running (1m44.0s), 052/300 VUs, 0 complete and 0 interrupted iterations
slow   [  22% ] 052/300 VUs  1m44.0s/8m0s  0.50 iters/s

running (1m45.0s), 053/300 VUs, 0 complete and 0 interrupted iterations
slow   [  22% ] 053/300 VUs  1m45.0s/8m0s  0.50 iters/s

running (1m46.0s), 053/300 VUs, 0 complete and 0 interrupted iterations
slow   [  22% ] 053/300 VUs  1m46.0s/8m0s  0.50 iters/s

running (1m47.0s), 054/300 VUs, 0 complete and 0 interrupted iterations
slow   [  22% ] 054/300 VUs  1m47.0s/8m0s  0.50 iters/s

running (1m48.0s), 054/300 VUs, 0 complete and 0 interrupted iterations
slow   [  22% ] 054/300 VUs  1m48.0s/8m0s  0.50 iters/s

running (1m49.0s), 055/300 VUs, 0 complete and 0 interrupted iterations
slow   [  23% ] 055/300 VUs  1m49.0s/8m0s  0.50 iters/s

running (1m50.0s), 055/300 VUs, 0 complete and 0 interrupted iterations
slow   [  23% ] 055/300 VUs  1m50.0s/8m0s  0.50 iters/s

running (1m51.0s), 056/300 VUs, 0 complete and 0 interrupted iterations
slow   [  23% ] 056/300 VUs  1m51.0s/8m0s  0.50 iters/s

running (1m52.0s), 056/300 VUs, 0 complete and 0 interrupted iterations
slow   [  23% ] 056/300 VUs  1m52.0s/8m0s  0.50 iters/s

running (1m53.0s), 057/300 VUs, 0 complete and 0 interrupted iterations
slow   [  24% ] 057/300 VUs  1m53.0s/8m0s  0.50 iters/s

running (1m54.0s), 057/300 VUs, 0 complete and 0 interrupted iterations
slow   [  24% ] 057/300 VUs  1m54.0s/8m0s  0.50 iters/s

running (1m55.0s), 058/300 VUs, 0 complete and 0 interrupted iterations
slow   [  24% ] 058/300 VUs  1m55.0s/8m0s  0.50 iters/s

running (1m56.0s), 058/300 VUs, 0 complete and 0 interrupted iterations
slow   [  24% ] 058/300 VUs  1m56.0s/8m0s  0.50 iters/s

running (1m57.0s), 059/300 VUs, 0 complete and 0 interrupted iterations
slow   [  24% ] 059/300 VUs  1m57.0s/8m0s  0.50 iters/s

running (1m58.0s), 059/300 VUs, 0 complete and 0 interrupted iterations
slow   [  25% ] 059/300 VUs  1m58.0s/8m0s  0.50 iters/s

running (1m59.0s), 060/300 VUs, 0 complete and 0 interrupted iterations
slow   [  25% ] 060/300 VUs  1m59.0s/8m0s  0.50 iters/s

running (2m00.0s), 060/300 VUs, 0 complete and 0 interrupted iterations
slow   [  25% ] 060/300 VUs  2m00.0s/8m0s  0.50 iters/s

running (2m01.0s), 061/300 VUs, 0 complete and 0 interrupted iterations
slow   [  25% ] 061/300 VUs  2m01.0s/8m0s  0.50 iters/s

running (2m02.0s), 061/300 VUs, 0 complete and 0 interrupted iterations
slow   [  25% ] 061/300 VUs  2m02.0s/8m0s  0.50 iters/s

running (2m03.0s), 062/300 VUs, 0 complete and 0 interrupted iterations
slow   [  26% ] 062/300 VUs  2m03.0s/8m0s  0.50 iters/s

running (2m04.0s), 062/300 VUs, 0 complete and 0 interrupted iterations
slow   [  26% ] 062/300 VUs  2m04.0s/8m0s  0.50 iters/s

running (2m05.0s), 063/300 VUs, 0 complete and 0 interrupted iterations
slow   [  26% ] 063/300 VUs  2m05.0s/8m0s  0.50 iters/s

running (2m06.0s), 063/300 VUs, 0 complete and 0 interrupted iterations
slow   [  26% ] 063/300 VUs  2m06.0s/8m0s  0.50 iters/s

running (2m07.0s), 064/300 VUs, 0 complete and 0 interrupted iterations
slow   [  26% ] 064/300 VUs  2m07.0s/8m0s  0.50 iters/s

running (2m08.0s), 064/300 VUs, 0 complete and 0 interrupted iterations
slow   [  27% ] 064/300 VUs  2m08.0s/8m0s  0.50 iters/s

running (2m09.0s), 065/300 VUs, 0 complete and 0 interrupted iterations
slow   [  27% ] 065/300 VUs  2m09.0s/8m0s  0.50 iters/s

running (2m10.0s), 065/300 VUs, 0 complete and 0 interrupted iterations
slow   [  27% ] 065/300 VUs  2m10.0s/8m0s  0.50 iters/s

running (2m11.0s), 066/300 VUs, 0 complete and 0 interrupted iterations
slow   [  27% ] 066/300 VUs  2m11.0s/8m0s  0.50 iters/s

running (2m12.0s), 066/300 VUs, 0 complete and 0 interrupted iterations
slow   [  27% ] 066/300 VUs  2m12.0s/8m0s  0.50 iters/s

running (2m13.0s), 067/300 VUs, 0 complete and 0 interrupted iterations
slow   [  28% ] 067/300 VUs  2m13.0s/8m0s  0.50 iters/s

running (2m14.0s), 067/300 VUs, 0 complete and 0 interrupted iterations
slow   [  28% ] 067/300 VUs  2m14.0s/8m0s  0.50 iters/s

running (2m15.0s), 068/300 VUs, 0 complete and 0 interrupted iterations
slow   [  28% ] 068/300 VUs  2m15.0s/8m0s  0.50 iters/s

running (2m16.0s), 068/300 VUs, 0 complete and 0 interrupted iterations
slow   [  28% ] 068/300 VUs  2m16.0s/8m0s  0.50 iters/s

running (2m17.0s), 069/300 VUs, 0 complete and 0 interrupted iterations
slow   [  29% ] 069/300 VUs  2m17.0s/8m0s  0.50 iters/s

running (2m18.0s), 069/300 VUs, 0 complete and 0 interrupted iterations
slow   [  29% ] 069/300 VUs  2m18.0s/8m0s  0.50 iters/s

running (2m19.0s), 070/300 VUs, 0 complete and 0 interrupted iterations
slow   [  29% ] 070/300 VUs  2m19.0s/8m0s  0.50 iters/s

running (2m20.0s), 070/300 VUs, 0 complete and 0 interrupted iterations
slow   [  29% ] 070/300 VUs  2m20.0s/8m0s  0.50 iters/s

running (2m21.0s), 071/300 VUs, 0 complete and 0 interrupted iterations
slow   [  29% ] 071/300 VUs  2m21.0s/8m0s  0.50 iters/s

running (2m22.0s), 071/300 VUs, 0 complete and 0 interrupted iterations
slow   [  30% ] 071/300 VUs  2m22.0s/8m0s  0.50 iters/s

running (2m23.0s), 072/300 VUs, 0 complete and 0 interrupted iterations
slow   [  30% ] 072/300 VUs  2m23.0s/8m0s  0.50 iters/s

running (2m24.0s), 072/300 VUs, 0 complete and 0 interrupted iterations
slow   [  30% ] 072/300 VUs  2m24.0s/8m0s  0.50 iters/s

running (2m25.0s), 073/300 VUs, 0 complete and 0 interrupted iterations
slow   [  30% ] 073/300 VUs  2m25.0s/8m0s  0.50 iters/s

running (2m26.0s), 073/300 VUs, 0 complete and 0 interrupted iterations
slow   [  30% ] 073/300 VUs  2m26.0s/8m0s  0.50 iters/s

running (2m27.0s), 074/300 VUs, 0 complete and 0 interrupted iterations
slow   [  31% ] 074/300 VUs  2m27.0s/8m0s  0.50 iters/s

running (2m28.0s), 074/300 VUs, 0 complete and 0 interrupted iterations
slow   [  31% ] 074/300 VUs  2m28.0s/8m0s  0.50 iters/s

running (2m29.0s), 075/300 VUs, 0 complete and 0 interrupted iterations
slow   [  31% ] 075/300 VUs  2m29.0s/8m0s  0.50 iters/s

running (2m30.0s), 075/300 VUs, 0 complete and 0 interrupted iterations
slow   [  31% ] 075/300 VUs  2m30.0s/8m0s  0.50 iters/s

running (2m31.0s), 076/300 VUs, 0 complete and 0 interrupted iterations
slow   [  31% ] 076/300 VUs  2m31.0s/8m0s  0.50 iters/s

running (2m32.0s), 076/300 VUs, 0 complete and 0 interrupted iterations
slow   [  32% ] 076/300 VUs  2m32.0s/8m0s  0.50 iters/s

running (2m33.0s), 077/300 VUs, 0 complete and 0 interrupted iterations
slow   [  32% ] 077/300 VUs  2m33.0s/8m0s  0.50 iters/s

running (2m34.0s), 077/300 VUs, 0 complete and 0 interrupted iterations
slow   [  32% ] 077/300 VUs  2m34.0s/8m0s  0.50 iters/s

running (2m35.0s), 078/300 VUs, 0 complete and 0 interrupted iterations
slow   [  32% ] 078/300 VUs  2m35.0s/8m0s  0.50 iters/s

running (2m36.0s), 078/300 VUs, 0 complete and 0 interrupted iterations
slow   [  32% ] 078/300 VUs  2m36.0s/8m0s  0.50 iters/s

running (2m37.0s), 079/300 VUs, 0 complete and 0 interrupted iterations
slow   [  33% ] 079/300 VUs  2m37.0s/8m0s  0.50 iters/s

running (2m38.0s), 079/300 VUs, 0 complete and 0 interrupted iterations
slow   [  33% ] 079/300 VUs  2m38.0s/8m0s  0.50 iters/s

running (2m39.0s), 080/300 VUs, 0 complete and 0 interrupted iterations
slow   [  33% ] 080/300 VUs  2m39.0s/8m0s  0.50 iters/s

running (2m40.0s), 080/300 VUs, 0 complete and 0 interrupted iterations
slow   [  33% ] 080/300 VUs  2m40.0s/8m0s  0.50 iters/s

running (2m41.0s), 081/300 VUs, 0 complete and 0 interrupted iterations
slow   [  34% ] 081/300 VUs  2m41.0s/8m0s  0.50 iters/s

running (2m42.0s), 081/300 VUs, 0 complete and 0 interrupted iterations
slow   [  34% ] 081/300 VUs  2m42.0s/8m0s  0.50 iters/s

running (2m43.0s), 082/300 VUs, 0 complete and 0 interrupted iterations
slow   [  34% ] 082/300 VUs  2m43.0s/8m0s  0.50 iters/s

running (2m44.0s), 082/300 VUs, 0 complete and 0 interrupted iterations
slow   [  34% ] 082/300 VUs  2m44.0s/8m0s  0.50 iters/s

running (2m45.0s), 083/300 VUs, 0 complete and 0 interrupted iterations
slow   [  34% ] 083/300 VUs  2m45.0s/8m0s  0.50 iters/s

running (2m46.0s), 083/300 VUs, 0 complete and 0 interrupted iterations
slow   [  35% ] 083/300 VUs  2m46.0s/8m0s  0.50 iters/s

running (2m47.0s), 084/300 VUs, 0 complete and 0 interrupted iterations
slow   [  35% ] 084/300 VUs  2m47.0s/8m0s  0.50 iters/s

running (2m48.0s), 084/300 VUs, 0 complete and 0 interrupted iterations
slow   [  35% ] 084/300 VUs  2m48.0s/8m0s  0.50 iters/s

running (2m49.0s), 085/300 VUs, 0 complete and 0 interrupted iterations
slow   [  35% ] 085/300 VUs  2m49.0s/8m0s  0.50 iters/s

running (2m50.0s), 085/300 VUs, 0 complete and 0 interrupted iterations
slow   [  35% ] 085/300 VUs  2m50.0s/8m0s  0.50 iters/s

running (2m51.0s), 086/300 VUs, 0 complete and 0 interrupted iterations
slow   [  36% ] 086/300 VUs  2m51.0s/8m0s  0.50 iters/s

running (2m52.0s), 086/300 VUs, 0 complete and 0 interrupted iterations
slow   [  36% ] 086/300 VUs  2m52.0s/8m0s  0.50 iters/s

running (2m53.0s), 087/300 VUs, 0 complete and 0 interrupted iterations
slow   [  36% ] 087/300 VUs  2m53.0s/8m0s  0.50 iters/s

running (2m54.0s), 087/300 VUs, 0 complete and 0 interrupted iterations
slow   [  36% ] 087/300 VUs  2m54.0s/8m0s  0.50 iters/s

running (2m55.0s), 088/300 VUs, 0 complete and 0 interrupted iterations
slow   [  36% ] 088/300 VUs  2m55.0s/8m0s  0.50 iters/s

running (2m56.0s), 088/300 VUs, 0 complete and 0 interrupted iterations
slow   [  37% ] 088/300 VUs  2m56.0s/8m0s  0.50 iters/s

running (2m57.0s), 089/300 VUs, 0 complete and 0 interrupted iterations
slow   [  37% ] 089/300 VUs  2m57.0s/8m0s  0.50 iters/s

running (2m58.0s), 089/300 VUs, 0 complete and 0 interrupted iterations
slow   [  37% ] 089/300 VUs  2m58.0s/8m0s  0.50 iters/s

running (2m59.0s), 090/300 VUs, 0 complete and 0 interrupted iterations
slow   [  37% ] 090/300 VUs  2m59.0s/8m0s  0.50 iters/s

running (3m00.0s), 090/300 VUs, 0 complete and 0 interrupted iterations
slow   [  37% ] 090/300 VUs  3m00.0s/8m0s  0.50 iters/s

running (3m01.0s), 091/300 VUs, 0 complete and 0 interrupted iterations
slow   [  38% ] 091/300 VUs  3m01.0s/8m0s  0.50 iters/s

running (3m02.0s), 091/300 VUs, 0 complete and 0 interrupted iterations
slow   [  38% ] 091/300 VUs  3m02.0s/8m0s  0.50 iters/s

running (3m03.0s), 092/300 VUs, 0 complete and 0 interrupted iterations
slow   [  38% ] 092/300 VUs  3m03.0s/8m0s  0.50 iters/s

running (3m04.0s), 092/300 VUs, 0 complete and 0 interrupted iterations
slow   [  38% ] 092/300 VUs  3m04.0s/8m0s  0.50 iters/s

running (3m05.0s), 093/300 VUs, 0 complete and 0 interrupted iterations
slow   [  39% ] 093/300 VUs  3m05.0s/8m0s  0.50 iters/s

running (3m06.0s), 093/300 VUs, 0 complete and 0 interrupted iterations
slow   [  39% ] 093/300 VUs  3m06.0s/8m0s  0.50 iters/s

running (3m07.0s), 094/300 VUs, 0 complete and 0 interrupted iterations
slow   [  39% ] 094/300 VUs  3m07.0s/8m0s  0.50 iters/s

running (3m08.0s), 094/300 VUs, 0 complete and 0 interrupted iterations
slow   [  39% ] 094/300 VUs  3m08.0s/8m0s  0.50 iters/s

running (3m09.0s), 095/300 VUs, 0 complete and 0 interrupted iterations
slow   [  39% ] 095/300 VUs  3m09.0s/8m0s  0.50 iters/s

running (3m10.0s), 095/300 VUs, 0 complete and 0 interrupted iterations
slow   [  40% ] 095/300 VUs  3m10.0s/8m0s  0.50 iters/s

running (3m11.0s), 096/300 VUs, 0 complete and 0 interrupted iterations
slow   [  40% ] 096/300 VUs  3m11.0s/8m0s  0.50 iters/s

running (3m12.0s), 096/300 VUs, 0 complete and 0 interrupted iterations
slow   [  40% ] 096/300 VUs  3m12.0s/8m0s  0.50 iters/s

running (3m13.0s), 097/300 VUs, 0 complete and 0 interrupted iterations
slow   [  40% ] 097/300 VUs  3m13.0s/8m0s  0.50 iters/s

running (3m14.0s), 097/300 VUs, 0 complete and 0 interrupted iterations
slow   [  40% ] 097/300 VUs  3m14.0s/8m0s  0.50 iters/s

running (3m15.0s), 098/300 VUs, 0 complete and 0 interrupted iterations
slow   [  41% ] 098/300 VUs  3m15.0s/8m0s  0.50 iters/s

running (3m16.0s), 098/300 VUs, 0 complete and 0 interrupted iterations
slow   [  41% ] 098/300 VUs  3m16.0s/8m0s  0.50 iters/s

running (3m17.0s), 099/300 VUs, 0 complete and 0 interrupted iterations
slow   [  41% ] 099/300 VUs  3m17.0s/8m0s  0.50 iters/s

running (3m18.0s), 099/300 VUs, 0 complete and 0 interrupted iterations
slow   [  41% ] 099/300 VUs  3m18.0s/8m0s  0.50 iters/s

running (3m19.0s), 100/300 VUs, 0 complete and 0 interrupted iterations
slow   [  41% ] 100/300 VUs  3m19.0s/8m0s  0.50 iters/s

running (3m20.0s), 100/300 VUs, 0 complete and 0 interrupted iterations
slow   [  42% ] 100/300 VUs  3m20.0s/8m0s  0.50 iters/s

running (3m21.0s), 101/300 VUs, 0 complete and 0 interrupted iterations
slow   [  42% ] 101/300 VUs  3m21.0s/8m0s  0.50 iters/s

running (3m22.0s), 101/300 VUs, 0 complete and 0 interrupted iterations
slow   [  42% ] 101/300 VUs  3m22.0s/8m0s  0.50 iters/s

running (3m23.0s), 102/300 VUs, 0 complete and 0 interrupted iterations
slow   [  42% ] 102/300 VUs  3m23.0s/8m0s  0.50 iters/s

running (3m24.0s), 102/300 VUs, 0 complete and 0 interrupted iterations
slow   [  42% ] 102/300 VUs  3m24.0s/8m0s  0.50 iters/s

running (3m25.0s), 103/300 VUs, 0 complete and 0 interrupted iterations
slow   [  43% ] 103/300 VUs  3m25.0s/8m0s  0.50 iters/s

running (3m26.0s), 103/300 VUs, 0 complete and 0 interrupted iterations
slow   [  43% ] 103/300 VUs  3m26.0s/8m0s  0.50 iters/s

running (3m27.0s), 104/300 VUs, 0 complete and 0 interrupted iterations
slow   [  43% ] 104/300 VUs  3m27.0s/8m0s  0.50 iters/s

running (3m28.0s), 104/300 VUs, 0 complete and 0 interrupted iterations
slow   [  43% ] 104/300 VUs  3m28.0s/8m0s  0.50 iters/s

running (3m29.0s), 105/300 VUs, 0 complete and 0 interrupted iterations
slow   [  44% ] 105/300 VUs  3m29.0s/8m0s  0.50 iters/s

running (3m30.0s), 105/300 VUs, 0 complete and 0 interrupted iterations
slow   [  44% ] 105/300 VUs  3m30.0s/8m0s  0.50 iters/s

running (3m31.0s), 106/300 VUs, 0 complete and 0 interrupted iterations
slow   [  44% ] 106/300 VUs  3m31.0s/8m0s  0.50 iters/s

running (3m32.0s), 106/300 VUs, 0 complete and 0 interrupted iterations
slow   [  44% ] 106/300 VUs  3m32.0s/8m0s  0.50 iters/s

running (3m33.0s), 107/300 VUs, 0 complete and 0 interrupted iterations
slow   [  44% ] 107/300 VUs  3m33.0s/8m0s  0.50 iters/s

running (3m34.0s), 107/300 VUs, 0 complete and 0 interrupted iterations
slow   [  45% ] 107/300 VUs  3m34.0s/8m0s  0.50 iters/s

running (3m35.0s), 108/300 VUs, 0 complete and 0 interrupted iterations
slow   [  45% ] 108/300 VUs  3m35.0s/8m0s  0.50 iters/s

running (3m36.0s), 108/300 VUs, 0 complete and 0 interrupted iterations
slow   [  45% ] 108/300 VUs  3m36.0s/8m0s  0.50 iters/s

running (3m37.0s), 109/300 VUs, 0 complete and 0 interrupted iterations
slow   [  45% ] 109/300 VUs  3m37.0s/8m0s  0.50 iters/s

running (3m38.0s), 109/300 VUs, 0 complete and 0 interrupted iterations
slow   [  45% ] 109/300 VUs  3m38.0s/8m0s  0.50 iters/s

running (3m39.0s), 110/300 VUs, 0 complete and 0 interrupted iterations
slow   [  46% ] 110/300 VUs  3m39.0s/8m0s  0.50 iters/s

running (3m40.0s), 110/300 VUs, 0 complete and 0 interrupted iterations
slow   [  46% ] 110/300 VUs  3m40.0s/8m0s  0.50 iters/s

running (3m41.0s), 111/300 VUs, 0 complete and 0 interrupted iterations
slow   [  46% ] 111/300 VUs  3m41.0s/8m0s  0.50 iters/s

running (3m42.0s), 111/300 VUs, 0 complete and 0 interrupted iterations
slow   [  46% ] 111/300 VUs  3m42.0s/8m0s  0.50 iters/s

running (3m43.0s), 112/300 VUs, 0 complete and 0 interrupted iterations
slow   [  46% ] 112/300 VUs  3m43.0s/8m0s  0.50 iters/s

running (3m44.0s), 112/300 VUs, 0 complete and 0 interrupted iterations
slow   [  47% ] 112/300 VUs  3m44.0s/8m0s  0.50 iters/s

running (3m45.0s), 113/300 VUs, 0 complete and 0 interrupted iterations
slow   [  47% ] 113/300 VUs  3m45.0s/8m0s  0.50 iters/s

running (3m46.0s), 113/300 VUs, 0 complete and 0 interrupted iterations
slow   [  47% ] 113/300 VUs  3m46.0s/8m0s  0.50 iters/s

running (3m47.0s), 114/300 VUs, 0 complete and 0 interrupted iterations
slow   [  47% ] 114/300 VUs  3m47.0s/8m0s  0.50 iters/s

running (3m48.0s), 114/300 VUs, 0 complete and 0 interrupted iterations
slow   [  47% ] 114/300 VUs  3m48.0s/8m0s  0.50 iters/s

running (3m49.0s), 115/300 VUs, 0 complete and 0 interrupted iterations
slow   [  48% ] 115/300 VUs  3m49.0s/8m0s  0.50 iters/s

running (3m50.0s), 115/300 VUs, 0 complete and 0 interrupted iterations
slow   [  48% ] 115/300 VUs  3m50.0s/8m0s  0.50 iters/s

running (3m51.0s), 115/300 VUs, 1 complete and 0 interrupted iterations
slow   [  48% ] 115/300 VUs  3m51.0s/8m0s  0.50 iters/s

running (3m52.0s), 115/300 VUs, 1 complete and 0 interrupted iterations
slow   [  48% ] 115/300 VUs  3m52.0s/8m0s  0.50 iters/s

running (3m53.0s), 115/300 VUs, 2 complete and 0 interrupted iterations
slow   [  49% ] 115/300 VUs  3m53.0s/8m0s  0.50 iters/s

running (3m54.0s), 115/300 VUs, 2 complete and 0 interrupted iterations
slow   [  49% ] 115/300 VUs  3m54.0s/8m0s  0.50 iters/s

running (3m55.0s), 115/300 VUs, 3 complete and 0 interrupted iterations
slow   [  49% ] 115/300 VUs  3m55.0s/8m0s  0.50 iters/s

running (3m56.0s), 115/300 VUs, 3 complete and 0 interrupted iterations
slow   [  49% ] 115/300 VUs  3m56.0s/8m0s  0.50 iters/s

running (3m57.0s), 115/300 VUs, 4 complete and 0 interrupted iterations
slow   [  49% ] 115/300 VUs  3m57.0s/8m0s  0.50 iters/s

running (3m58.0s), 115/300 VUs, 4 complete and 0 interrupted iterations
slow   [  50% ] 115/300 VUs  3m58.0s/8m0s  0.50 iters/s

running (3m59.0s), 115/300 VUs, 5 complete and 0 interrupted iterations
slow   [  50% ] 115/300 VUs  3m59.0s/8m0s  0.50 iters/s

running (4m00.0s), 115/300 VUs, 5 complete and 0 interrupted iterations
slow   [  50% ] 115/300 VUs  4m00.0s/8m0s  0.50 iters/s

running (4m01.0s), 115/300 VUs, 6 complete and 0 interrupted iterations
slow   [  50% ] 115/300 VUs  4m01.0s/8m0s  0.50 iters/s

running (4m02.0s), 115/300 VUs, 6 complete and 0 interrupted iterations
slow   [  50% ] 115/300 VUs  4m02.0s/8m0s  0.50 iters/s

running (4m03.0s), 115/300 VUs, 7 complete and 0 interrupted iterations
slow   [  51% ] 115/300 VUs  4m03.0s/8m0s  0.50 iters/s

running (4m04.0s), 115/300 VUs, 7 complete and 0 interrupted iterations
slow   [  51% ] 115/300 VUs  4m04.0s/8m0s  0.50 iters/s

running (4m05.0s), 115/300 VUs, 8 complete and 0 interrupted iterations
slow   [  51% ] 115/300 VUs  4m05.0s/8m0s  0.50 iters/s

running (4m06.0s), 115/300 VUs, 8 complete and 0 interrupted iterations
slow   [  51% ] 115/300 VUs  4m06.0s/8m0s  0.50 iters/s

running (4m07.0s), 115/300 VUs, 9 complete and 0 interrupted iterations
slow   [  51% ] 115/300 VUs  4m07.0s/8m0s  0.50 iters/s

running (4m08.0s), 115/300 VUs, 9 complete and 0 interrupted iterations
slow   [  52% ] 115/300 VUs  4m08.0s/8m0s  0.50 iters/s

running (4m09.0s), 115/300 VUs, 10 complete and 0 interrupted iterations
slow   [  52% ] 115/300 VUs  4m09.0s/8m0s  0.50 iters/s

running (4m10.0s), 115/300 VUs, 10 complete and 0 interrupted iterations
slow   [  52% ] 115/300 VUs  4m10.0s/8m0s  0.50 iters/s

running (4m11.0s), 115/300 VUs, 11 complete and 0 interrupted iterations
slow   [  52% ] 115/300 VUs  4m11.0s/8m0s  0.50 iters/s

running (4m12.0s), 115/300 VUs, 11 complete and 0 interrupted iterations
slow   [  52% ] 115/300 VUs  4m12.0s/8m0s  0.50 iters/s

running (4m13.0s), 115/300 VUs, 12 complete and 0 interrupted iterations
slow   [  53% ] 115/300 VUs  4m13.0s/8m0s  0.50 iters/s

running (4m14.0s), 115/300 VUs, 12 complete and 0 interrupted iterations
slow   [  53% ] 115/300 VUs  4m14.0s/8m0s  0.50 iters/s

running (4m15.0s), 115/300 VUs, 13 complete and 0 interrupted iterations
slow   [  53% ] 115/300 VUs  4m15.0s/8m0s  0.50 iters/s

running (4m16.0s), 115/300 VUs, 13 complete and 0 interrupted iterations
slow   [  53% ] 115/300 VUs  4m16.0s/8m0s  0.50 iters/s

running (4m17.0s), 115/300 VUs, 14 complete and 0 interrupted iterations
slow   [  54% ] 115/300 VUs  4m17.0s/8m0s  0.50 iters/s

running (4m18.0s), 115/300 VUs, 14 complete and 0 interrupted iterations
slow   [  54% ] 115/300 VUs  4m18.0s/8m0s  0.50 iters/s

running (4m19.0s), 115/300 VUs, 15 complete and 0 interrupted iterations
slow   [  54% ] 115/300 VUs  4m19.0s/8m0s  0.50 iters/s

running (4m20.0s), 115/300 VUs, 15 complete and 0 interrupted iterations
slow   [  54% ] 115/300 VUs  4m20.0s/8m0s  0.50 iters/s

running (4m21.0s), 115/300 VUs, 16 complete and 0 interrupted iterations
slow   [  54% ] 115/300 VUs  4m21.0s/8m0s  0.50 iters/s

running (4m22.0s), 115/300 VUs, 16 complete and 0 interrupted iterations
slow   [  55% ] 115/300 VUs  4m22.0s/8m0s  0.50 iters/s

running (4m23.0s), 115/300 VUs, 17 complete and 0 interrupted iterations
slow   [  55% ] 115/300 VUs  4m23.0s/8m0s  0.50 iters/s

running (4m24.0s), 115/300 VUs, 17 complete and 0 interrupted iterations
slow   [  55% ] 115/300 VUs  4m24.0s/8m0s  0.50 iters/s

running (4m25.0s), 115/300 VUs, 18 complete and 0 interrupted iterations
slow   [  55% ] 115/300 VUs  4m25.0s/8m0s  0.50 iters/s

running (4m26.0s), 115/300 VUs, 18 complete and 0 interrupted iterations
slow   [  55% ] 115/300 VUs  4m26.0s/8m0s  0.50 iters/s

running (4m27.0s), 115/300 VUs, 19 complete and 0 interrupted iterations
slow   [  56% ] 115/300 VUs  4m27.0s/8m0s  0.50 iters/s

running (4m28.0s), 115/300 VUs, 19 complete and 0 interrupted iterations
slow   [  56% ] 115/300 VUs  4m28.0s/8m0s  0.50 iters/s

running (4m29.0s), 115/300 VUs, 20 complete and 0 interrupted iterations
slow   [  56% ] 115/300 VUs  4m29.0s/8m0s  0.50 iters/s

running (4m30.0s), 115/300 VUs, 20 complete and 0 interrupted iterations
slow   [  56% ] 115/300 VUs  4m30.0s/8m0s  0.50 iters/s

running (4m31.0s), 115/300 VUs, 21 complete and 0 interrupted iterations
slow   [  56% ] 115/300 VUs  4m31.0s/8m0s  0.50 iters/s

running (4m32.0s), 115/300 VUs, 21 complete and 0 interrupted iterations
slow   [  57% ] 115/300 VUs  4m32.0s/8m0s  0.50 iters/s

running (4m33.0s), 115/300 VUs, 22 complete and 0 interrupted iterations
slow   [  57% ] 115/300 VUs  4m33.0s/8m0s  0.50 iters/s

running (4m34.0s), 115/300 VUs, 22 complete and 0 interrupted iterations
slow   [  57% ] 115/300 VUs  4m34.0s/8m0s  0.50 iters/s

running (4m35.0s), 115/300 VUs, 23 complete and 0 interrupted iterations
slow   [  57% ] 115/300 VUs  4m35.0s/8m0s  0.50 iters/s

running (4m36.0s), 115/300 VUs, 23 complete and 0 interrupted iterations
slow   [  57% ] 115/300 VUs  4m36.0s/8m0s  0.50 iters/s

running (4m37.0s), 115/300 VUs, 24 complete and 0 interrupted iterations
slow   [  58% ] 115/300 VUs  4m37.0s/8m0s  0.50 iters/s

running (4m38.0s), 115/300 VUs, 24 complete and 0 interrupted iterations
slow   [  58% ] 115/300 VUs  4m38.0s/8m0s  0.50 iters/s

running (4m39.0s), 115/300 VUs, 25 complete and 0 interrupted iterations
slow   [  58% ] 115/300 VUs  4m39.0s/8m0s  0.50 iters/s

running (4m40.0s), 115/300 VUs, 25 complete and 0 interrupted iterations
slow   [  58% ] 115/300 VUs  4m40.0s/8m0s  0.50 iters/s

running (4m41.0s), 115/300 VUs, 26 complete and 0 interrupted iterations
slow   [  59% ] 115/300 VUs  4m41.0s/8m0s  0.50 iters/s

running (4m42.0s), 115/300 VUs, 26 complete and 0 interrupted iterations
slow   [  59% ] 115/300 VUs  4m42.0s/8m0s  0.50 iters/s

running (4m43.0s), 115/300 VUs, 27 complete and 0 interrupted iterations
slow   [  59% ] 115/300 VUs  4m43.0s/8m0s  0.50 iters/s

running (4m44.0s), 115/300 VUs, 27 complete and 0 interrupted iterations
slow   [  59% ] 115/300 VUs  4m44.0s/8m0s  0.50 iters/s

running (4m45.0s), 115/300 VUs, 28 complete and 0 interrupted iterations
slow   [  59% ] 115/300 VUs  4m45.0s/8m0s  0.50 iters/s

running (4m46.0s), 115/300 VUs, 28 complete and 0 interrupted iterations
slow   [  60% ] 115/300 VUs  4m46.0s/8m0s  0.50 iters/s

running (4m47.0s), 115/300 VUs, 29 complete and 0 interrupted iterations
slow   [  60% ] 115/300 VUs  4m47.0s/8m0s  0.50 iters/s

running (4m48.0s), 115/300 VUs, 29 complete and 0 interrupted iterations
slow   [  60% ] 115/300 VUs  4m48.0s/8m0s  0.50 iters/s

running (4m49.0s), 115/300 VUs, 30 complete and 0 interrupted iterations
slow   [  60% ] 115/300 VUs  4m49.0s/8m0s  0.50 iters/s

running (4m50.0s), 115/300 VUs, 30 complete and 0 interrupted iterations
slow   [  60% ] 115/300 VUs  4m50.0s/8m0s  0.50 iters/s

running (4m51.0s), 115/300 VUs, 31 complete and 0 interrupted iterations
slow   [  61% ] 115/300 VUs  4m51.0s/8m0s  0.50 iters/s

running (4m52.0s), 115/300 VUs, 31 complete and 0 interrupted iterations
slow   [  61% ] 115/300 VUs  4m52.0s/8m0s  0.50 iters/s

running (4m53.0s), 115/300 VUs, 32 complete and 0 interrupted iterations
slow   [  61% ] 115/300 VUs  4m53.0s/8m0s  0.50 iters/s

running (4m54.0s), 115/300 VUs, 32 complete and 0 interrupted iterations
slow   [  61% ] 115/300 VUs  4m54.0s/8m0s  0.50 iters/s

running (4m55.0s), 115/300 VUs, 33 complete and 0 interrupted iterations
slow   [  61% ] 115/300 VUs  4m55.0s/8m0s  0.50 iters/s

running (4m56.0s), 115/300 VUs, 33 complete and 0 interrupted iterations
slow   [  62% ] 115/300 VUs  4m56.0s/8m0s  0.50 iters/s

running (4m57.0s), 115/300 VUs, 34 complete and 0 interrupted iterations
slow   [  62% ] 115/300 VUs  4m57.0s/8m0s  0.50 iters/s

running (4m58.0s), 115/300 VUs, 34 complete and 0 interrupted iterations
slow   [  62% ] 115/300 VUs  4m58.0s/8m0s  0.50 iters/s

running (4m59.0s), 115/300 VUs, 35 complete and 0 interrupted iterations
slow   [  62% ] 115/300 VUs  4m59.0s/8m0s  0.50 iters/s

running (5m00.0s), 115/300 VUs, 35 complete and 0 interrupted iterations
slow   [  62% ] 115/300 VUs  5m00.0s/8m0s  0.50 iters/s

running (5m01.0s), 115/300 VUs, 36 complete and 0 interrupted iterations
slow   [  63% ] 115/300 VUs  5m01.0s/8m0s  0.50 iters/s

running (5m02.0s), 115/300 VUs, 36 complete and 0 interrupted iterations
slow   [  63% ] 115/300 VUs  5m02.0s/8m0s  0.50 iters/s

running (5m03.0s), 115/300 VUs, 37 complete and 0 interrupted iterations
slow   [  63% ] 115/300 VUs  5m03.0s/8m0s  0.50 iters/s

running (5m04.0s), 115/300 VUs, 37 complete and 0 interrupted iterations
slow   [  63% ] 115/300 VUs  5m04.0s/8m0s  0.50 iters/s

running (5m05.0s), 115/300 VUs, 38 complete and 0 interrupted iterations
slow   [  64% ] 115/300 VUs  5m05.0s/8m0s  0.50 iters/s

running (5m06.0s), 115/300 VUs, 38 complete and 0 interrupted iterations
slow   [  64% ] 115/300 VUs  5m06.0s/8m0s  0.50 iters/s

running (5m07.0s), 115/300 VUs, 39 complete and 0 interrupted iterations
slow   [  64% ] 115/300 VUs  5m07.0s/8m0s  0.50 iters/s

running (5m08.0s), 115/300 VUs, 39 complete and 0 interrupted iterations
slow   [  64% ] 115/300 VUs  5m08.0s/8m0s  0.50 iters/s

running (5m09.0s), 115/300 VUs, 40 complete and 0 interrupted iterations
slow   [  64% ] 115/300 VUs  5m09.0s/8m0s  0.50 iters/s

running (5m10.0s), 115/300 VUs, 40 complete and 0 interrupted iterations
slow   [  65% ] 115/300 VUs  5m10.0s/8m0s  0.50 iters/s

running (5m11.0s), 115/300 VUs, 41 complete and 0 interrupted iterations
slow   [  65% ] 115/300 VUs  5m11.0s/8m0s  0.50 iters/s

running (5m12.0s), 115/300 VUs, 41 complete and 0 interrupted iterations
slow   [  65% ] 115/300 VUs  5m12.0s/8m0s  0.50 iters/s

running (5m13.0s), 115/300 VUs, 42 complete and 0 interrupted iterations
slow   [  65% ] 115/300 VUs  5m13.0s/8m0s  0.50 iters/s

running (5m14.0s), 115/300 VUs, 42 complete and 0 interrupted iterations
slow   [  65% ] 115/300 VUs  5m14.0s/8m0s  0.50 iters/s

running (5m15.0s), 115/300 VUs, 43 complete and 0 interrupted iterations
slow   [  66% ] 115/300 VUs  5m15.0s/8m0s  0.50 iters/s

running (5m16.0s), 115/300 VUs, 43 complete and 0 interrupted iterations
slow   [  66% ] 115/300 VUs  5m16.0s/8m0s  0.50 iters/s

running (5m17.0s), 115/300 VUs, 44 complete and 0 interrupted iterations
slow   [  66% ] 115/300 VUs  5m17.0s/8m0s  0.50 iters/s

running (5m18.0s), 115/300 VUs, 44 complete and 0 interrupted iterations
slow   [  66% ] 115/300 VUs  5m18.0s/8m0s  0.50 iters/s

running (5m19.0s), 115/300 VUs, 45 complete and 0 interrupted iterations
slow   [  66% ] 115/300 VUs  5m19.0s/8m0s  0.50 iters/s

running (5m20.0s), 115/300 VUs, 45 complete and 0 interrupted iterations
slow   [  67% ] 115/300 VUs  5m20.0s/8m0s  0.50 iters/s

running (5m21.0s), 115/300 VUs, 46 complete and 0 interrupted iterations
slow   [  67% ] 115/300 VUs  5m21.0s/8m0s  0.50 iters/s

running (5m22.0s), 115/300 VUs, 46 complete and 0 interrupted iterations
slow   [  67% ] 115/300 VUs  5m22.0s/8m0s  0.50 iters/s

running (5m23.0s), 115/300 VUs, 47 complete and 0 interrupted iterations
slow   [  67% ] 115/300 VUs  5m23.0s/8m0s  0.50 iters/s

running (5m24.0s), 115/300 VUs, 47 complete and 0 interrupted iterations
slow   [  67% ] 115/300 VUs  5m24.0s/8m0s  0.50 iters/s

running (5m25.0s), 115/300 VUs, 48 complete and 0 interrupted iterations
slow   [  68% ] 115/300 VUs  5m25.0s/8m0s  0.50 iters/s

running (5m26.0s), 115/300 VUs, 48 complete and 0 interrupted iterations
slow   [  68% ] 115/300 VUs  5m26.0s/8m0s  0.50 iters/s

running (5m27.0s), 115/300 VUs, 49 complete and 0 interrupted iterations
slow   [  68% ] 115/300 VUs  5m27.0s/8m0s  0.50 iters/s

running (5m28.0s), 115/300 VUs, 49 complete and 0 interrupted iterations
slow   [  68% ] 115/300 VUs  5m28.0s/8m0s  0.50 iters/s

running (5m29.0s), 115/300 VUs, 50 complete and 0 interrupted iterations
slow   [  69% ] 115/300 VUs  5m29.0s/8m0s  0.50 iters/s

running (5m30.0s), 115/300 VUs, 50 complete and 0 interrupted iterations
slow   [  69% ] 115/300 VUs  5m30.0s/8m0s  0.50 iters/s

running (5m31.0s), 115/300 VUs, 51 complete and 0 interrupted iterations
slow   [  69% ] 115/300 VUs  5m31.0s/8m0s  0.50 iters/s

running (5m32.0s), 115/300 VUs, 51 complete and 0 interrupted iterations
slow   [  69% ] 115/300 VUs  5m32.0s/8m0s  0.50 iters/s

running (5m33.0s), 115/300 VUs, 52 complete and 0 interrupted iterations
slow   [  69% ] 115/300 VUs  5m33.0s/8m0s  0.50 iters/s

running (5m34.0s), 115/300 VUs, 52 complete and 0 interrupted iterations
slow   [  70% ] 115/300 VUs  5m34.0s/8m0s  0.50 iters/s

running (5m35.0s), 115/300 VUs, 53 complete and 0 interrupted iterations
slow   [  70% ] 115/300 VUs  5m35.0s/8m0s  0.50 iters/s

running (5m36.0s), 115/300 VUs, 53 complete and 0 interrupted iterations
slow   [  70% ] 115/300 VUs  5m36.0s/8m0s  0.50 iters/s

running (5m37.0s), 115/300 VUs, 54 complete and 0 interrupted iterations
slow   [  70% ] 115/300 VUs  5m37.0s/8m0s  0.50 iters/s

running (5m38.0s), 115/300 VUs, 54 complete and 0 interrupted iterations
slow   [  70% ] 115/300 VUs  5m38.0s/8m0s  0.50 iters/s

running (5m39.0s), 115/300 VUs, 55 complete and 0 interrupted iterations
slow   [  71% ] 115/300 VUs  5m39.0s/8m0s  0.50 iters/s

running (5m40.0s), 115/300 VUs, 55 complete and 0 interrupted iterations
slow   [  71% ] 115/300 VUs  5m40.0s/8m0s  0.50 iters/s

running (5m41.0s), 115/300 VUs, 56 complete and 0 interrupted iterations
slow   [  71% ] 115/300 VUs  5m41.0s/8m0s  0.50 iters/s

running (5m42.0s), 115/300 VUs, 56 complete and 0 interrupted iterations
slow   [  71% ] 115/300 VUs  5m42.0s/8m0s  0.50 iters/s

running (5m43.0s), 115/300 VUs, 57 complete and 0 interrupted iterations
slow   [  71% ] 115/300 VUs  5m43.0s/8m0s  0.50 iters/s

running (5m44.0s), 115/300 VUs, 57 complete and 0 interrupted iterations
slow   [  72% ] 115/300 VUs  5m44.0s/8m0s  0.50 iters/s

running (5m45.0s), 115/300 VUs, 58 complete and 0 interrupted iterations
slow   [  72% ] 115/300 VUs  5m45.0s/8m0s  0.50 iters/s

running (5m46.0s), 115/300 VUs, 58 complete and 0 interrupted iterations
slow   [  72% ] 115/300 VUs  5m46.0s/8m0s  0.50 iters/s

running (5m47.0s), 115/300 VUs, 59 complete and 0 interrupted iterations
slow   [  72% ] 115/300 VUs  5m47.0s/8m0s  0.50 iters/s

running (5m48.0s), 115/300 VUs, 59 complete and 0 interrupted iterations
slow   [  72% ] 115/300 VUs  5m48.0s/8m0s  0.50 iters/s

running (5m49.0s), 115/300 VUs, 60 complete and 0 interrupted iterations
slow   [  73% ] 115/300 VUs  5m49.0s/8m0s  0.50 iters/s

running (5m50.0s), 115/300 VUs, 60 complete and 0 interrupted iterations
slow   [  73% ] 115/300 VUs  5m50.0s/8m0s  0.50 iters/s

running (5m51.0s), 115/300 VUs, 61 complete and 0 interrupted iterations
slow   [  73% ] 115/300 VUs  5m51.0s/8m0s  0.50 iters/s

running (5m52.0s), 115/300 VUs, 61 complete and 0 interrupted iterations
slow   [  73% ] 115/300 VUs  5m52.0s/8m0s  0.50 iters/s

running (5m53.0s), 115/300 VUs, 62 complete and 0 interrupted iterations
slow   [  74% ] 115/300 VUs  5m53.0s/8m0s  0.50 iters/s

running (5m54.0s), 115/300 VUs, 62 complete and 0 interrupted iterations
slow   [  74% ] 115/300 VUs  5m54.0s/8m0s  0.50 iters/s

running (5m55.0s), 115/300 VUs, 63 complete and 0 interrupted iterations
slow   [  74% ] 115/300 VUs  5m55.0s/8m0s  0.50 iters/s

running (5m56.0s), 115/300 VUs, 63 complete and 0 interrupted iterations
slow   [  74% ] 115/300 VUs  5m56.0s/8m0s  0.50 iters/s

running (5m57.0s), 115/300 VUs, 64 complete and 0 interrupted iterations
slow   [  74% ] 115/300 VUs  5m57.0s/8m0s  0.50 iters/s

running (5m58.0s), 115/300 VUs, 64 complete and 0 interrupted iterations
slow   [  75% ] 115/300 VUs  5m58.0s/8m0s  0.50 iters/s

running (5m59.0s), 115/300 VUs, 65 complete and 0 interrupted iterations
slow   [  75% ] 115/300 VUs  5m59.0s/8m0s  0.50 iters/s

running (6m00.0s), 115/300 VUs, 65 complete and 0 interrupted iterations
slow   [  75% ] 115/300 VUs  6m00.0s/8m0s  0.50 iters/s

running (6m01.0s), 115/300 VUs, 66 complete and 0 interrupted iterations
slow   [  75% ] 115/300 VUs  6m01.0s/8m0s  0.50 iters/s

running (6m02.0s), 115/300 VUs, 66 complete and 0 interrupted iterations
slow   [  75% ] 115/300 VUs  6m02.0s/8m0s  0.50 iters/s

running (6m03.0s), 115/300 VUs, 67 complete and 0 interrupted iterations
slow   [  76% ] 115/300 VUs  6m03.0s/8m0s  0.50 iters/s

running (6m04.0s), 115/300 VUs, 67 complete and 0 interrupted iterations
slow   [  76% ] 115/300 VUs  6m04.0s/8m0s  0.50 iters/s

running (6m05.0s), 115/300 VUs, 68 complete and 0 interrupted iterations
slow   [  76% ] 115/300 VUs  6m05.0s/8m0s  0.50 iters/s

running (6m06.0s), 115/300 VUs, 68 complete and 0 interrupted iterations
slow   [  76% ] 115/300 VUs  6m06.0s/8m0s  0.50 iters/s

running (6m07.0s), 115/300 VUs, 69 complete and 0 interrupted iterations
slow   [  76% ] 115/300 VUs  6m07.0s/8m0s  0.50 iters/s

running (6m08.0s), 115/300 VUs, 69 complete and 0 interrupted iterations
slow   [  77% ] 115/300 VUs  6m08.0s/8m0s  0.50 iters/s

running (6m09.0s), 115/300 VUs, 70 complete and 0 interrupted iterations
slow   [  77% ] 115/300 VUs  6m09.0s/8m0s  0.50 iters/s

running (6m10.0s), 115/300 VUs, 70 complete and 0 interrupted iterations
slow   [  77% ] 115/300 VUs  6m10.0s/8m0s  0.50 iters/s

running (6m11.0s), 115/300 VUs, 71 complete and 0 interrupted iterations
slow   [  77% ] 115/300 VUs  6m11.0s/8m0s  0.50 iters/s

running (6m12.0s), 115/300 VUs, 71 complete and 0 interrupted iterations
slow   [  77% ] 115/300 VUs  6m12.0s/8m0s  0.50 iters/s

running (6m13.0s), 115/300 VUs, 72 complete and 0 interrupted iterations
slow   [  78% ] 115/300 VUs  6m13.0s/8m0s  0.50 iters/s

running (6m14.0s), 115/300 VUs, 72 complete and 0 interrupted iterations
slow   [  78% ] 115/300 VUs  6m14.0s/8m0s  0.50 iters/s

running (6m15.0s), 115/300 VUs, 73 complete and 0 interrupted iterations
slow   [  78% ] 115/300 VUs  6m15.0s/8m0s  0.50 iters/s

running (6m16.0s), 115/300 VUs, 73 complete and 0 interrupted iterations
slow   [  78% ] 115/300 VUs  6m16.0s/8m0s  0.50 iters/s

running (6m17.0s), 115/300 VUs, 74 complete and 0 interrupted iterations
slow   [  79% ] 115/300 VUs  6m17.0s/8m0s  0.50 iters/s

running (6m18.0s), 115/300 VUs, 74 complete and 0 interrupted iterations
slow   [  79% ] 115/300 VUs  6m18.0s/8m0s  0.50 iters/s

running (6m19.0s), 115/300 VUs, 75 complete and 0 interrupted iterations
slow   [  79% ] 115/300 VUs  6m19.0s/8m0s  0.50 iters/s

running (6m20.0s), 115/300 VUs, 75 complete and 0 interrupted iterations
slow   [  79% ] 115/300 VUs  6m20.0s/8m0s  0.50 iters/s

running (6m21.0s), 115/300 VUs, 76 complete and 0 interrupted iterations
slow   [  79% ] 115/300 VUs  6m21.0s/8m0s  0.50 iters/s

running (6m22.0s), 115/300 VUs, 76 complete and 0 interrupted iterations
slow   [  80% ] 115/300 VUs  6m22.0s/8m0s  0.50 iters/s

running (6m23.0s), 115/300 VUs, 77 complete and 0 interrupted iterations
slow   [  80% ] 115/300 VUs  6m23.0s/8m0s  0.50 iters/s

running (6m24.0s), 115/300 VUs, 77 complete and 0 interrupted iterations
slow   [  80% ] 115/300 VUs  6m24.0s/8m0s  0.50 iters/s

running (6m25.0s), 115/300 VUs, 78 complete and 0 interrupted iterations
slow   [  80% ] 115/300 VUs  6m25.0s/8m0s  0.50 iters/s

running (6m26.0s), 115/300 VUs, 78 complete and 0 interrupted iterations
slow   [  80% ] 115/300 VUs  6m26.0s/8m0s  0.50 iters/s

running (6m27.0s), 115/300 VUs, 79 complete and 0 interrupted iterations
slow   [  81% ] 115/300 VUs  6m27.0s/8m0s  0.50 iters/s

running (6m28.0s), 115/300 VUs, 79 complete and 0 interrupted iterations
slow   [  81% ] 115/300 VUs  6m28.0s/8m0s  0.50 iters/s

running (6m29.0s), 115/300 VUs, 80 complete and 0 interrupted iterations
slow   [  81% ] 115/300 VUs  6m29.0s/8m0s  0.50 iters/s

running (6m30.0s), 115/300 VUs, 80 complete and 0 interrupted iterations
slow   [  81% ] 115/300 VUs  6m30.0s/8m0s  0.50 iters/s

running (6m31.0s), 115/300 VUs, 81 complete and 0 interrupted iterations
slow   [  81% ] 115/300 VUs  6m31.0s/8m0s  0.50 iters/s

running (6m32.0s), 115/300 VUs, 81 complete and 0 interrupted iterations
slow   [  82% ] 115/300 VUs  6m32.0s/8m0s  0.50 iters/s

running (6m33.0s), 115/300 VUs, 82 complete and 0 interrupted iterations
slow   [  82% ] 115/300 VUs  6m33.0s/8m0s  0.50 iters/s

running (6m34.0s), 115/300 VUs, 82 complete and 0 interrupted iterations
slow   [  82% ] 115/300 VUs  6m34.0s/8m0s  0.50 iters/s

running (6m35.0s), 115/300 VUs, 83 complete and 0 interrupted iterations
slow   [  82% ] 115/300 VUs  6m35.0s/8m0s  0.50 iters/s

running (6m36.0s), 115/300 VUs, 83 complete and 0 interrupted iterations
slow   [  82% ] 115/300 VUs  6m36.0s/8m0s  0.50 iters/s

running (6m37.0s), 115/300 VUs, 84 complete and 0 interrupted iterations
slow   [  83% ] 115/300 VUs  6m37.0s/8m0s  0.50 iters/s

running (6m38.0s), 115/300 VUs, 84 complete and 0 interrupted iterations
slow   [  83% ] 115/300 VUs  6m38.0s/8m0s  0.50 iters/s

running (6m39.0s), 115/300 VUs, 85 complete and 0 interrupted iterations
slow   [  83% ] 115/300 VUs  6m39.0s/8m0s  0.50 iters/s

running (6m40.0s), 115/300 VUs, 85 complete and 0 interrupted iterations
slow   [  83% ] 115/300 VUs  6m40.0s/8m0s  0.50 iters/s

running (6m41.0s), 115/300 VUs, 86 complete and 0 interrupted iterations
slow   [  84% ] 115/300 VUs  6m41.0s/8m0s  0.50 iters/s

running (6m42.0s), 115/300 VUs, 86 complete and 0 interrupted iterations
slow   [  84% ] 115/300 VUs  6m42.0s/8m0s  0.50 iters/s

running (6m43.0s), 115/300 VUs, 87 complete and 0 interrupted iterations
slow   [  84% ] 115/300 VUs  6m43.0s/8m0s  0.50 iters/s

running (6m44.0s), 115/300 VUs, 87 complete and 0 interrupted iterations
slow   [  84% ] 115/300 VUs  6m44.0s/8m0s  0.50 iters/s

running (6m45.0s), 115/300 VUs, 88 complete and 0 interrupted iterations
slow   [  84% ] 115/300 VUs  6m45.0s/8m0s  0.50 iters/s

running (6m46.0s), 115/300 VUs, 88 complete and 0 interrupted iterations
slow   [  85% ] 115/300 VUs  6m46.0s/8m0s  0.50 iters/s

running (6m47.0s), 115/300 VUs, 89 complete and 0 interrupted iterations
slow   [  85% ] 115/300 VUs  6m47.0s/8m0s  0.50 iters/s

running (6m48.0s), 115/300 VUs, 89 complete and 0 interrupted iterations
slow   [  85% ] 115/300 VUs  6m48.0s/8m0s  0.50 iters/s

running (6m49.0s), 115/300 VUs, 90 complete and 0 interrupted iterations
slow   [  85% ] 115/300 VUs  6m49.0s/8m0s  0.50 iters/s

running (6m50.0s), 115/300 VUs, 90 complete and 0 interrupted iterations
slow   [  85% ] 115/300 VUs  6m50.0s/8m0s  0.50 iters/s

running (6m51.0s), 115/300 VUs, 91 complete and 0 interrupted iterations
slow   [  86% ] 115/300 VUs  6m51.0s/8m0s  0.50 iters/s

running (6m52.0s), 115/300 VUs, 91 complete and 0 interrupted iterations
slow   [  86% ] 115/300 VUs  6m52.0s/8m0s  0.50 iters/s

running (6m53.0s), 115/300 VUs, 92 complete and 0 interrupted iterations
slow   [  86% ] 115/300 VUs  6m53.0s/8m0s  0.50 iters/s

running (6m54.0s), 115/300 VUs, 92 complete and 0 interrupted iterations
slow   [  86% ] 115/300 VUs  6m54.0s/8m0s  0.50 iters/s

running (6m55.0s), 115/300 VUs, 93 complete and 0 interrupted iterations
slow   [  86% ] 115/300 VUs  6m55.0s/8m0s  0.50 iters/s

running (6m56.0s), 115/300 VUs, 93 complete and 0 interrupted iterations
slow   [  87% ] 115/300 VUs  6m56.0s/8m0s  0.50 iters/s

running (6m57.0s), 115/300 VUs, 94 complete and 0 interrupted iterations
slow   [  87% ] 115/300 VUs  6m57.0s/8m0s  0.50 iters/s

running (6m58.0s), 115/300 VUs, 94 complete and 0 interrupted iterations
slow   [  87% ] 115/300 VUs  6m58.0s/8m0s  0.50 iters/s

running (6m59.0s), 115/300 VUs, 95 complete and 0 interrupted iterations
slow   [  87% ] 115/300 VUs  6m59.0s/8m0s  0.50 iters/s

running (7m00.0s), 115/300 VUs, 95 complete and 0 interrupted iterations
slow   [  87% ] 115/300 VUs  7m00.0s/8m0s  0.50 iters/s

running (7m01.0s), 115/300 VUs, 96 complete and 0 interrupted iterations
slow   [  88% ] 115/300 VUs  7m01.0s/8m0s  0.50 iters/s

running (7m02.0s), 115/300 VUs, 96 complete and 0 interrupted iterations
slow   [  88% ] 115/300 VUs  7m02.0s/8m0s  0.50 iters/s

running (7m03.0s), 115/300 VUs, 97 complete and 0 interrupted iterations
slow   [  88% ] 115/300 VUs  7m03.0s/8m0s  0.50 iters/s

running (7m04.0s), 115/300 VUs, 97 complete and 0 interrupted iterations
slow   [  88% ] 115/300 VUs  7m04.0s/8m0s  0.50 iters/s

running (7m05.0s), 115/300 VUs, 98 complete and 0 interrupted iterations
slow   [  89% ] 115/300 VUs  7m05.0s/8m0s  0.50 iters/s

running (7m06.0s), 115/300 VUs, 98 complete and 0 interrupted iterations
slow   [  89% ] 115/300 VUs  7m06.0s/8m0s  0.50 iters/s

running (7m07.0s), 115/300 VUs, 99 complete and 0 interrupted iterations
slow   [  89% ] 115/300 VUs  7m07.0s/8m0s  0.50 iters/s

running (7m08.0s), 115/300 VUs, 99 complete and 0 interrupted iterations
slow   [  89% ] 115/300 VUs  7m08.0s/8m0s  0.50 iters/s

running (7m09.0s), 115/300 VUs, 100 complete and 0 interrupted iterations
slow   [  89% ] 115/300 VUs  7m09.0s/8m0s  0.50 iters/s

running (7m10.0s), 115/300 VUs, 100 complete and 0 interrupted iterations
slow   [  90% ] 115/300 VUs  7m10.0s/8m0s  0.50 iters/s

running (7m11.0s), 115/300 VUs, 101 complete and 0 interrupted iterations
slow   [  90% ] 115/300 VUs  7m11.0s/8m0s  0.50 iters/s

running (7m12.0s), 115/300 VUs, 101 complete and 0 interrupted iterations
slow   [  90% ] 115/300 VUs  7m12.0s/8m0s  0.50 iters/s

running (7m13.0s), 115/300 VUs, 102 complete and 0 interrupted iterations
slow   [  90% ] 115/300 VUs  7m13.0s/8m0s  0.50 iters/s

running (7m14.0s), 115/300 VUs, 102 complete and 0 interrupted iterations
slow   [  90% ] 115/300 VUs  7m14.0s/8m0s  0.50 iters/s

running (7m15.0s), 115/300 VUs, 103 complete and 0 interrupted iterations
slow   [  91% ] 115/300 VUs  7m15.0s/8m0s  0.50 iters/s

running (7m16.0s), 115/300 VUs, 103 complete and 0 interrupted iterations
slow   [  91% ] 115/300 VUs  7m16.0s/8m0s  0.50 iters/s

running (7m17.0s), 115/300 VUs, 104 complete and 0 interrupted iterations
slow   [  91% ] 115/300 VUs  7m17.0s/8m0s  0.50 iters/s

running (7m18.0s), 115/300 VUs, 104 complete and 0 interrupted iterations
slow   [  91% ] 115/300 VUs  7m18.0s/8m0s  0.50 iters/s

running (7m19.0s), 115/300 VUs, 105 complete and 0 interrupted iterations
slow   [  91% ] 115/300 VUs  7m19.0s/8m0s  0.50 iters/s

running (7m20.0s), 115/300 VUs, 105 complete and 0 interrupted iterations
slow   [  92% ] 115/300 VUs  7m20.0s/8m0s  0.50 iters/s

running (7m21.0s), 115/300 VUs, 106 complete and 0 interrupted iterations
slow   [  92% ] 115/300 VUs  7m21.0s/8m0s  0.50 iters/s

running (7m22.0s), 115/300 VUs, 106 complete and 0 interrupted iterations
slow   [  92% ] 115/300 VUs  7m22.0s/8m0s  0.50 iters/s

running (7m23.0s), 115/300 VUs, 107 complete and 0 interrupted iterations
slow   [  92% ] 115/300 VUs  7m23.0s/8m0s  0.50 iters/s

running (7m24.0s), 115/300 VUs, 107 complete and 0 interrupted iterations
slow   [  92% ] 115/300 VUs  7m24.0s/8m0s  0.50 iters/s

running (7m25.0s), 115/300 VUs, 108 complete and 0 interrupted iterations
slow   [  93% ] 115/300 VUs  7m25.0s/8m0s  0.50 iters/s

running (7m26.0s), 115/300 VUs, 108 complete and 0 interrupted iterations
slow   [  93% ] 115/300 VUs  7m26.0s/8m0s  0.50 iters/s

running (7m27.0s), 115/300 VUs, 109 complete and 0 interrupted iterations
slow   [  93% ] 115/300 VUs  7m27.0s/8m0s  0.50 iters/s

running (7m28.0s), 115/300 VUs, 109 complete and 0 interrupted iterations
slow   [  93% ] 115/300 VUs  7m28.0s/8m0s  0.50 iters/s

running (7m29.0s), 115/300 VUs, 110 complete and 0 interrupted iterations
slow   [  94% ] 115/300 VUs  7m29.0s/8m0s  0.50 iters/s

running (7m30.0s), 115/300 VUs, 110 complete and 0 interrupted iterations
slow   [  94% ] 115/300 VUs  7m30.0s/8m0s  0.50 iters/s

running (7m31.0s), 115/300 VUs, 111 complete and 0 interrupted iterations
slow   [  94% ] 115/300 VUs  7m31.0s/8m0s  0.50 iters/s

running (7m32.0s), 115/300 VUs, 111 complete and 0 interrupted iterations
slow   [  94% ] 115/300 VUs  7m32.0s/8m0s  0.50 iters/s

running (7m33.0s), 115/300 VUs, 112 complete and 0 interrupted iterations
slow   [  94% ] 115/300 VUs  7m33.0s/8m0s  0.50 iters/s

running (7m34.0s), 115/300 VUs, 112 complete and 0 interrupted iterations
slow   [  95% ] 115/300 VUs  7m34.0s/8m0s  0.50 iters/s

running (7m35.0s), 115/300 VUs, 113 complete and 0 interrupted iterations
slow   [  95% ] 115/300 VUs  7m35.0s/8m0s  0.50 iters/s

running (7m36.0s), 115/300 VUs, 113 complete and 0 interrupted iterations
slow   [  95% ] 115/300 VUs  7m36.0s/8m0s  0.50 iters/s

running (7m37.0s), 115/300 VUs, 114 complete and 0 interrupted iterations
slow   [  95% ] 115/300 VUs  7m37.0s/8m0s  0.50 iters/s

running (7m38.0s), 115/300 VUs, 114 complete and 0 interrupted iterations
slow   [  95% ] 115/300 VUs  7m38.0s/8m0s  0.50 iters/s

running (7m39.0s), 115/300 VUs, 115 complete and 0 interrupted iterations
slow   [  96% ] 115/300 VUs  7m39.0s/8m0s  0.50 iters/s

running (7m40.0s), 115/300 VUs, 115 complete and 0 interrupted iterations
slow   [  96% ] 115/300 VUs  7m40.0s/8m0s  0.50 iters/s

running (7m41.0s), 115/300 VUs, 116 complete and 0 interrupted iterations
slow   [  96% ] 115/300 VUs  7m41.0s/8m0s  0.50 iters/s

running (7m42.0s), 115/300 VUs, 116 complete and 0 interrupted iterations
slow   [  96% ] 115/300 VUs  7m42.0s/8m0s  0.50 iters/s

running (7m43.0s), 115/300 VUs, 117 complete and 0 interrupted iterations
slow   [  96% ] 115/300 VUs  7m43.0s/8m0s  0.50 iters/s

running (7m44.0s), 115/300 VUs, 117 complete and 0 interrupted iterations
slow   [  97% ] 115/300 VUs  7m44.0s/8m0s  0.50 iters/s

running (7m45.0s), 115/300 VUs, 118 complete and 0 interrupted iterations
slow   [  97% ] 115/300 VUs  7m45.0s/8m0s  0.50 iters/s

running (7m46.0s), 115/300 VUs, 118 complete and 0 interrupted iterations
slow   [  97% ] 115/300 VUs  7m46.0s/8m0s  0.50 iters/s

running (7m47.0s), 115/300 VUs, 119 complete and 0 interrupted iterations
slow   [  97% ] 115/300 VUs  7m47.0s/8m0s  0.50 iters/s

running (7m48.0s), 115/300 VUs, 119 complete and 0 interrupted iterations
slow   [  97% ] 115/300 VUs  7m48.0s/8m0s  0.50 iters/s

running (7m49.0s), 115/300 VUs, 120 complete and 0 interrupted iterations
slow   [  98% ] 115/300 VUs  7m49.0s/8m0s  0.50 iters/s

running (7m50.0s), 115/300 VUs, 120 complete and 0 interrupted iterations
slow   [  98% ] 115/300 VUs  7m50.0s/8m0s  0.50 iters/s

running (7m51.0s), 115/300 VUs, 121 complete and 0 interrupted iterations
slow   [  98% ] 115/300 VUs  7m51.0s/8m0s  0.50 iters/s

running (7m52.0s), 115/300 VUs, 121 complete and 0 interrupted iterations
slow   [  98% ] 115/300 VUs  7m52.0s/8m0s  0.50 iters/s

running (7m53.0s), 115/300 VUs, 122 complete and 0 interrupted iterations
slow   [  99% ] 115/300 VUs  7m53.0s/8m0s  0.50 iters/s

running (7m54.0s), 115/300 VUs, 122 complete and 0 interrupted iterations
slow   [  99% ] 115/300 VUs  7m54.0s/8m0s  0.50 iters/s

running (7m55.0s), 115/300 VUs, 123 complete and 0 interrupted iterations
slow   [  99% ] 115/300 VUs  7m55.0s/8m0s  0.50 iters/s

running (7m56.0s), 115/300 VUs, 123 complete and 0 interrupted iterations
slow   [  99% ] 115/300 VUs  7m56.0s/8m0s  0.50 iters/s

running (7m57.0s), 115/300 VUs, 124 complete and 0 interrupted iterations
slow   [  99% ] 115/300 VUs  7m57.0s/8m0s  0.50 iters/s

running (7m58.0s), 115/300 VUs, 124 complete and 0 interrupted iterations
slow   [ 100% ] 115/300 VUs  7m58.0s/8m0s  0.50 iters/s

running (7m59.0s), 115/300 VUs, 125 complete and 0 interrupted iterations
slow   [ 100% ] 115/300 VUs  7m59.0s/8m0s  0.50 iters/s

running (8m00.0s), 115/300 VUs, 125 complete and 0 interrupted iterations
slow   [ 100% ] 115/300 VUs  8m00.0s/8m0s  0.50 iters/s

running (8m01.0s), 114/300 VUs, 126 complete and 0 interrupted iterations
slow ↓ [ 100% ] 115/300 VUs  8m0s  0.50 iters/s

running (8m02.0s), 114/300 VUs, 126 complete and 0 interrupted iterations
slow ↓ [ 100% ] 115/300 VUs  8m0s  0.50 iters/s

running (8m03.0s), 113/300 VUs, 127 complete and 0 interrupted iterations
slow ↓ [ 100% ] 115/300 VUs  8m0s  0.50 iters/s

running (8m04.0s), 113/300 VUs, 127 complete and 0 interrupted iterations
slow ↓ [ 100% ] 115/300 VUs  8m0s  0.50 iters/s

running (8m05.0s), 112/300 VUs, 128 complete and 0 interrupted iterations
slow ↓ [ 100% ] 115/300 VUs  8m0s  0.50 iters/s

running (8m06.0s), 112/300 VUs, 128 complete and 0 interrupted iterations
slow ↓ [ 100% ] 115/300 VUs  8m0s  0.50 iters/s

running (8m07.0s), 111/300 VUs, 129 complete and 0 interrupted iterations
slow ↓ [ 100% ] 115/300 VUs  8m0s  0.50 iters/s

running (8m08.0s), 111/300 VUs, 129 complete and 0 interrupted iterations
slow ↓ [ 100% ] 115/300 VUs  8m0s  0.50 iters/s

running (8m09.0s), 110/300 VUs, 130 complete and 0 interrupted iterations
slow ↓ [ 100% ] 115/300 VUs  8m0s  0.50 iters/s

running (8m10.0s), 110/300 VUs, 130 complete and 0 interrupted iterations
slow ↓ [ 100% ] 115/300 VUs  8m0s  0.50 iters/s

running (8m11.0s), 109/300 VUs, 131 complete and 0 interrupted iterations
slow ↓ [ 100% ] 115/300 VUs  8m0s  0.50 iters/s

running (8m12.0s), 109/300 VUs, 131 complete and 0 interrupted iterations
slow ↓ [ 100% ] 115/300 VUs  8m0s  0.50 iters/s

running (8m13.0s), 108/300 VUs, 132 complete and 0 interrupted iterations
slow ↓ [ 100% ] 115/300 VUs  8m0s  0.50 iters/s

running (8m14.0s), 108/300 VUs, 132 complete and 0 interrupted iterations
slow ↓ [ 100% ] 115/300 VUs  8m0s  0.50 iters/s

running (8m15.0s), 107/300 VUs, 133 complete and 0 interrupted iterations
slow ↓ [ 100% ] 115/300 VUs  8m0s  0.50 iters/s

running (8m16.0s), 107/300 VUs, 133 complete and 0 interrupted iterations
slow ↓ [ 100% ] 115/300 VUs  8m0s  0.50 iters/s

running (8m17.0s), 106/300 VUs, 134 complete and 0 interrupted iterations
slow ↓ [ 100% ] 115/300 VUs  8m0s  0.50 iters/s

running (8m18.0s), 106/300 VUs, 134 complete and 0 interrupted iterations
slow ↓ [ 100% ] 115/300 VUs  8m0s  0.50 iters/s

running (8m19.0s), 105/300 VUs, 135 complete and 0 interrupted iterations
slow ↓ [ 100% ] 115/300 VUs  8m0s  0.50 iters/s

running (8m20.0s), 105/300 VUs, 135 complete and 0 interrupted iterations
slow ↓ [ 100% ] 115/300 VUs  8m0s  0.50 iters/s

running (8m21.0s), 104/300 VUs, 136 complete and 0 interrupted iterations
slow ↓ [ 100% ] 115/300 VUs  8m0s  0.50 iters/s

running (8m22.0s), 104/300 VUs, 136 complete and 0 interrupted iterations
slow ↓ [ 100% ] 115/300 VUs  8m0s  0.50 iters/s

running (8m23.0s), 103/300 VUs, 137 complete and 0 interrupted iterations
slow ↓ [ 100% ] 115/300 VUs  8m0s  0.50 iters/s

running (8m24.0s), 103/300 VUs, 137 complete and 0 interrupted iterations
slow ↓ [ 100% ] 115/300 VUs  8m0s  0.50 iters/s

running (8m25.0s), 102/300 VUs, 138 complete and 0 interrupted iterations
slow ↓ [ 100% ] 115/300 VUs  8m0s  0.50 iters/s

running (8m26.0s), 102/300 VUs, 138 complete and 0 interrupted iterations
slow ↓ [ 100% ] 115/300 VUs  8m0s  0.50 iters/s

running (8m27.0s), 101/300 VUs, 139 complete and 0 interrupted iterations
slow ↓ [ 100% ] 115/300 VUs  8m0s  0.50 iters/s

running (8m28.0s), 101/300 VUs, 139 complete and 0 interrupted iterations
slow ↓ [ 100% ] 115/300 VUs  8m0s  0.50 iters/s

running (8m29.0s), 100/300 VUs, 140 complete and 0 interrupted iterations
slow ↓ [ 100% ] 115/300 VUs  8m0s  0.50 iters/s

running (8m30.0s), 100/300 VUs, 140 complete and 0 interrupted iterations
slow ↓ [ 100% ] 115/300 VUs  8m0s  0.50 iters/s
{
  "metrics": {
    "iterations": {
      "count": 140,
      "rate": 0.27449052984242317
    },
    "dropped_iterations": {},
    "http_reqs": {
        "count": 140,
        "rate": 0.27449052984242317
      },
    "vus_max": {
        "value": 300,
        "min": 300,
        "max": 300
      },
    "http_req_failed": {
        "fails": 0,
        "rate": 1,
        "passes": 140
      },
    "http_req_duration": {
        "med": 230171.551,
        "max": 230378.787,
        "p(90)": 230206.6197,
        "p(95)": 230211.05020000003,
        "avg": 230174.64042142857,
        "min": 230127.679
      }
  },
  "root_group": {
    "checks": [],
    "name": "",
    "path": "",
    "id": "d41d8cd98f00b204e9800998ecf8427e",
    "groups": []
  },
  "state": {
    "isStdOutTTY": false,
    "isStdErrTTY": false,
    "testRunDurationMs": 510035.811
  }
}
running (8m30.0s), 000/300 VUs, 140 complete and 100 interrupted iterations
slow ✓ [ 100% ] 100/300 VUs  8m0s  0.50 iters/s
