=== Revert: JAR deploy with --clean true ===
Timestamp: 2026-07-01T15:33:48Z
Command: az webapp deploy --resource-group rg-lab-winjaval2sat --name app-winjaval2sat-4zen6v266tspy --type jar --src-path /Users/yeongseonchoe/GitHub/azure-app-service-practical-guide/labs/windows-java-httpplatformhandler-timeout/lab-2-loopback-saturation/../stage-0-config-discovery/app/target/app.jar --async false --clean true

WARNING: Initiating deployment
WARNING: Deploying from local path: /Users/yeongseonchoe/GitHub/azure-app-service-practical-guide/labs/windows-java-httpplatformhandler-timeout/lab-2-loopback-saturation/../stage-0-config-discovery/app/target/app.jar
WARNING: Polling the status of sync deployment. Start Time: 2026-07-01 15:34:10.935537+00:00 UTC
WARNING: Deployment has completed successfully
WARNING: You can visit your app at: http://app-winjaval2sat-4zen6v266tspy.<azurewebsites-domain-redacted>
{
  "active": true,
  "author": "N/A",
  "author_email": "N/A",
  "complete": true,
  "deployer": "OneDeploy",
  "end_time": "2026-07-01T15:34:10.5652678Z",
  "id": "ef78f2229a7e42a0823190fcca344b76",
  "is_readonly": true,
  "is_temp": false,
  "last_success_end_time": "2026-07-01T15:34:10.5652678Z",
  "log_url": "https://app-winjaval2sat-4zen6v266tspy.scm.<azurewebsites-domain-redacted>/api/deployments/latest/log",
  "message": "OneDeploy",
  "progress": "",
  "provisioningState": "Succeeded",
  "received_time": "2026-07-01T15:34:06.6269009Z",
  "site_name": "app-winjaval2sat-4zen6v266tspy",
  "start_time": "2026-07-01T15:34:06.8925641Z",
  "status": 4,
  "status_text": "",
  "url": "https://app-winjaval2sat-4zen6v266tspy.scm.<azurewebsites-domain-redacted>/api/deployments/latest"
}
http_code: 200
time_total: 4.326089

=== Sanity check: /slow/2 ===
http_code: 200
time_total: 4.326089
